// Vitest Snapshot v1, https://vitest.dev/guide/snapshot.html

exports[`Settings Component > should render the component correctly 1`] = `
<div>
  <style
    data-mantine-styles="true"
  >
    :root{--mantine-font-family: Poppins, sans-serif;--mantine-font-family-headings: Poppins, sans-serif;--mantine-radius-default: calc(0.5rem * var(--mantine-scale));}
  </style>
  <style
    data-mantine-styles="classes"
  >
    @media (max-width: 35.99375em) {.mantine-visible-from-xs {display: none !important;}}@media (min-width: 36em) {.mantine-hidden-from-xs {display: none !important;}}@media (max-width: 47.99375em) {.mantine-visible-from-sm {display: none !important;}}@media (min-width: 48em) {.mantine-hidden-from-sm {display: none !important;}}@media (max-width: 61.99375em) {.mantine-visible-from-md {display: none !important;}}@media (min-width: 62em) {.mantine-hidden-from-md {display: none !important;}}@media (max-width: 74.99375em) {.mantine-visible-from-lg {display: none !important;}}@media (min-width: 75em) {.mantine-hidden-from-lg {display: none !important;}}@media (max-width: 87.99375em) {.mantine-visible-from-xl {display: none !important;}}@media (min-width: 88em) {.mantine-hidden-from-xl {display: none !important;}}
  </style>
  <div
    class="m_6d731127 mantine-Stack-root"
    style="--stack-gap: var(--mantine-spacing-md); --stack-align: stretch; --stack-justify: flex-start;"
  >
    <h1
      class="m_8a5d1357 mantine-Title-root"
      data-order="1"
      style="--title-fw: var(--mantine-h1-font-weight); --title-lh: var(--mantine-h1-line-height); --title-fz: var(--mantine-h1-font-size);"
    >
      Pengaturan
    </h1>
    <div
      class="m_4081bf90 mantine-Group-root"
      style="--group-gap: var(--mantine-spacing-md); --group-align: center; --group-justify: space-between; --group-wrap: wrap; width: 80%;"
    >
      <h2
        class="m_8a5d1357 mantine-Title-root"
        data-order="2"
        style="--title-fw: var(--mantine-h2-font-weight); --title-lh: var(--mantine-h2-line-height); --title-fz: var(--mantine-h2-font-size); font-weight: bold;"
      >
        Tema
      </h2>
      <div
        class="m_cf365364 mantine-SegmentedControl-root"
        data-full-width="true"
        data-initialized="true"
        data-with-items-borders="true"
        role="radiogroup"
        style="--sc-shadow: var(--mantine-shadow-xs);"
      >
        <span
          class="m_9e182ccd mantine-SegmentedControl-indicator m_96b553a6 mantine-FloatingIndicator-root"
          style="--transition-duration: var(--sc-transition-duration); transform: translateY(0px) translateX(0px); width: 0px; height: 0px;"
        />
        <div
          class="m_69686b9b mantine-SegmentedControl-control"
          data-active="true"
          style=""
        >
          <input
            class="m_1714d588 mantine-SegmentedControl-input"
            data-focus-ring="auto"
            id=""
            name=""
            style=""
            type="radio"
            value="light"
          />
          <label
            class="m_1738fcb2 mantine-SegmentedControl-label"
            data-active="true"
            for=""
            style=""
          >
            <span
              class="m_78882f40 mantine-SegmentedControl-innerLabel"
              style=""
            >
              Terang
            </span>
          </label>
        </div>
        <div
          class="m_69686b9b mantine-SegmentedControl-control"
          style=""
        >
          <input
            class="m_1714d588 mantine-SegmentedControl-input"
            data-focus-ring="auto"
            id=""
            name=""
            style=""
            type="radio"
            value="dark"
          />
          <label
            class="m_1738fcb2 mantine-SegmentedControl-label"
            for=""
            style=""
          >
            <span
              class="m_78882f40 mantine-SegmentedControl-innerLabel"
              style=""
            >
              Gelap
            </span>
          </label>
        </div>
      </div>
    </div>
    <div
      class="m_3eebeb36 mantine-Divider-root"
      data-orientation="horizontal"
      role="separator"
      style=""
    />
    <h2
      class="m_8a5d1357 mantine-Title-root"
      data-order="2"
      style="--title-fw: var(--mantine-h2-font-weight); --title-lh: var(--mantine-h2-line-height); --title-fz: var(--mantine-h2-font-size); font-weight: bold;"
    >
      Koleksi Pokemon
    </h2>
    <button
      class="mantine-focus-auto m_77c9d27d mantine-Button-root m_87cf2631 mantine-UnstyledButton-root"
      data-disabled="true"
      disabled=""
      style="--button-bg: var(--mantine-color-red-filled); --button-hover: var(--mantine-color-red-filled-hover); --button-color: var(--mantine-color-white); --button-bd: calc(0.0625rem * var(--mantine-scale)) solid transparent; max-width: calc(15rem * var(--mantine-scale));"
      type="button"
    >
      <span
        class="m_80f1301b mantine-Button-inner"
        style=""
      >
        <span
          class="m_811560b9 mantine-Button-label"
          style=""
        >
          Hapus Koleksi Pokemon
        </span>
      </span>
    </button>
  </div>
</div>
`;
