// Vitest Snapshot v1, https://vitest.dev/guide/snapshot.html

exports[`Component Coverage Tests > should render PokedexPage component correctly 1`] = `
<div>
  <style
    data-mantine-styles="true"
  >
    :root{--mantine-font-family: Poppins, sans-serif;--mantine-font-family-headings: Poppins, sans-serif;--mantine-radius-default: calc(0.5rem * var(--mantine-scale));}
  </style>
  <style
    data-mantine-styles="classes"
  >
    @media (max-width: 35.99375em) {.mantine-visible-from-xs {display: none !important;}}@media (min-width: 36em) {.mantine-hidden-from-xs {display: none !important;}}@media (max-width: 47.99375em) {.mantine-visible-from-sm {display: none !important;}}@media (min-width: 48em) {.mantine-hidden-from-sm {display: none !important;}}@media (max-width: 61.99375em) {.mantine-visible-from-md {display: none !important;}}@media (min-width: 62em) {.mantine-hidden-from-md {display: none !important;}}@media (max-width: 74.99375em) {.mantine-visible-from-lg {display: none !important;}}@media (min-width: 75em) {.mantine-hidden-from-lg {display: none !important;}}@media (max-width: 87.99375em) {.mantine-visible-from-xl {display: none !important;}}@media (min-width: 88em) {.mantine-hidden-from-xl {display: none !important;}}
  </style>
  <h1
    class="m_8a5d1357 mantine-Title-root"
    data-order="1"
    style="--title-fw: var(--mantine-h1-font-weight); --title-lh: var(--mantine-h1-line-height); --title-fz: var(--mantine-h1-font-size);"
  >
    Error: 
    error
  </h1>
</div>
`;

exports[`Component Coverage Tests > should render PokedexPage error 1`] = `
<div>
  <style
    data-mantine-styles="true"
  >
    :root{--mantine-font-family: Poppins, sans-serif;--mantine-font-family-headings: Poppins, sans-serif;--mantine-radius-default: calc(0.5rem * var(--mantine-scale));}
  </style>
  <style
    data-mantine-styles="classes"
  >
    @media (max-width: 35.99375em) {.mantine-visible-from-xs {display: none !important;}}@media (min-width: 36em) {.mantine-hidden-from-xs {display: none !important;}}@media (max-width: 47.99375em) {.mantine-visible-from-sm {display: none !important;}}@media (min-width: 48em) {.mantine-hidden-from-sm {display: none !important;}}@media (max-width: 61.99375em) {.mantine-visible-from-md {display: none !important;}}@media (min-width: 62em) {.mantine-hidden-from-md {display: none !important;}}@media (max-width: 74.99375em) {.mantine-visible-from-lg {display: none !important;}}@media (min-width: 75em) {.mantine-hidden-from-lg {display: none !important;}}@media (max-width: 87.99375em) {.mantine-visible-from-xl {display: none !important;}}@media (min-width: 88em) {.mantine-hidden-from-xl {display: none !important;}}
  </style>
  <h1
    class="m_8a5d1357 mantine-Title-root"
    data-order="1"
    style="--title-fw: var(--mantine-h1-font-weight); --title-lh: var(--mantine-h1-line-height); --title-fz: var(--mantine-h1-font-size);"
  >
    Error: 
    error
  </h1>
</div>
`;

exports[`Component Coverage Tests > should render the PokemonDetail component correctly 1`] = `
<div>
  <style
    data-mantine-styles="true"
  >
    :root{--mantine-font-family: Poppins, sans-serif;--mantine-font-family-headings: Poppins, sans-serif;--mantine-radius-default: calc(0.5rem * var(--mantine-scale));}
  </style>
  <style
    data-mantine-styles="classes"
  >
    @media (max-width: 35.99375em) {.mantine-visible-from-xs {display: none !important;}}@media (min-width: 36em) {.mantine-hidden-from-xs {display: none !important;}}@media (max-width: 47.99375em) {.mantine-visible-from-sm {display: none !important;}}@media (min-width: 48em) {.mantine-hidden-from-sm {display: none !important;}}@media (max-width: 61.99375em) {.mantine-visible-from-md {display: none !important;}}@media (min-width: 62em) {.mantine-hidden-from-md {display: none !important;}}@media (max-width: 74.99375em) {.mantine-visible-from-lg {display: none !important;}}@media (min-width: 75em) {.mantine-hidden-from-lg {display: none !important;}}@media (max-width: 87.99375em) {.mantine-visible-from-xl {display: none !important;}}@media (min-width: 88em) {.mantine-hidden-from-xl {display: none !important;}}
  </style>
  <h1
    class="m_8a5d1357 mantine-Title-root"
    data-order="1"
    style="--title-fw: var(--mantine-h1-font-weight); --title-lh: var(--mantine-h1-line-height); --title-fz: var(--mantine-h1-font-size);"
  >
    Error: 
    error
  </h1>
</div>
`;

exports[`Component Coverage Tests > should render typebadge 1`] = `
<div>
  <style
    data-mantine-styles="true"
  >
    :root{--mantine-font-family: Poppins, sans-serif;--mantine-font-family-headings: Poppins, sans-serif;--mantine-radius-default: calc(0.5rem * var(--mantine-scale));}
  </style>
  <style
    data-mantine-styles="classes"
  >
    @media (max-width: 35.99375em) {.mantine-visible-from-xs {display: none !important;}}@media (min-width: 36em) {.mantine-hidden-from-xs {display: none !important;}}@media (max-width: 47.99375em) {.mantine-visible-from-sm {display: none !important;}}@media (min-width: 48em) {.mantine-hidden-from-sm {display: none !important;}}@media (max-width: 61.99375em) {.mantine-visible-from-md {display: none !important;}}@media (min-width: 62em) {.mantine-hidden-from-md {display: none !important;}}@media (max-width: 74.99375em) {.mantine-visible-from-lg {display: none !important;}}@media (min-width: 75em) {.mantine-hidden-from-lg {display: none !important;}}@media (max-width: 87.99375em) {.mantine-visible-from-xl {display: none !important;}}@media (min-width: 88em) {.mantine-hidden-from-xl {display: none !important;}}
  </style>
  <p
    class="mantine-focus-auto m_b6d8b162 mantine-Text-root"
    style="color: var(--mantine-color-gray-text);"
  >
    Belum ada tipe yang dipilih
  </p>
</div>
`;

exports[`Component Coverage Tests > should render typebadge with options 1`] = `
<div>
  <style
    data-mantine-styles="true"
  >
    :root{--mantine-font-family: Poppins, sans-serif;--mantine-font-family-headings: Poppins, sans-serif;--mantine-radius-default: calc(0.5rem * var(--mantine-scale));}
  </style>
  <style
    data-mantine-styles="classes"
  >
    @media (max-width: 35.99375em) {.mantine-visible-from-xs {display: none !important;}}@media (min-width: 36em) {.mantine-hidden-from-xs {display: none !important;}}@media (max-width: 47.99375em) {.mantine-visible-from-sm {display: none !important;}}@media (min-width: 48em) {.mantine-hidden-from-sm {display: none !important;}}@media (max-width: 61.99375em) {.mantine-visible-from-md {display: none !important;}}@media (min-width: 62em) {.mantine-hidden-from-md {display: none !important;}}@media (max-width: 74.99375em) {.mantine-visible-from-lg {display: none !important;}}@media (min-width: 75em) {.mantine-hidden-from-lg {display: none !important;}}@media (max-width: 87.99375em) {.mantine-visible-from-xl {display: none !important;}}@media (min-width: 88em) {.mantine-hidden-from-xl {display: none !important;}}
  </style>
  <div
    class="m_4081bf90 mantine-Group-root"
    style="--group-gap: calc(0.5rem * var(--mantine-scale)); --group-align: center; --group-justify: flex-start; --group-wrap: wrap;"
  >
    <div
      class="m_7341320d mantine-ThemeIcon-root"
      color="blue"
      data-size="lg"
      data-variant="filled"
      radius="xl"
      style="--ti-size: var(--ti-size-lg); --ti-radius: var(--mantine-radius-xl); --ti-bg: var(--mantine-color-blue-filled); --ti-color: var(--mantine-color-white); --ti-bd: calc(0.0625rem * var(--mantine-scale)) solid transparent; color: var(--mantine-color-white);"
    >
      <img
        alt="grass"
        class="m_9e117634 mantine-Image-root"
        src="placeholder"
        style=""
      />
    </div>
    <div
      class="m_347db0ec mantine-Badge-root"
      data-size="lg"
      style="--badge-height: var(--badge-height-lg); --badge-padding-x: var(--badge-padding-x-lg); --badge-fz: var(--badge-fz-lg); --badge-bg: var(--mantine-color-blue-filled); --badge-color: var(--mantine-color-white); --badge-bd: calc(0.0625rem * var(--mantine-scale)) solid transparent; text-transform: capitalize;"
    >
      <span
        class="m_5add502a mantine-Badge-label"
        style=""
      >
        grass
      </span>
    </div>
  </div>
</div>
`;
